 Container samvev-m1-test-db-1 Healthy
 Container samvev-m1-dependencies-1 Exited
 Container samvev-m1-test-run-ffbb898f7378 Creating
 Container samvev-m1-test-run-ffbb898f7378 Created

> samvev@0.1.0 db:migrate
> tsx services/api/src/db/migrate.ts


> samvev@0.1.0 test
> node scripts/run-workspace-command.mjs test


> @samvev/web@0.1.0 test
> tsx --test tests/*.test.ts

✔ cache reload preserves expiry and rejects backward clock or TTL extension (1.997646ms)
✔ cache deadline clears every card independently of a later card expiry (0.351734ms)
✔ early expiry preserves later cards and fixed reload deadline (1.502376ms)
✔ account labels and icons distinguish active, disabled, profile and undisclosed in both locales (1.695729ms)
✔ editor drops only initially unavailable grants and retains choices across concurrent revocation (1.375523ms)
✔ degraded start and healthy heartbeats cannot claim recovery (1.817453ms)
✔ restoration requires a successful fresh projection, not a stale request or heartbeat (0.357936ms)
✔ local offline, cache loss or stream closure invalidate the old live epoch (0.391762ms)
✔ household time ignores browser zone and supports fractional offsets (42.627308ms)
✔ rejects nonexistent and ambiguous DST times and impossible dates (13.74482ms)
ℹ tests 10
ℹ suites 0
ℹ pass 10
ℹ fail 0
ℹ cancelled 0
ℹ skipped 0
ℹ todo 0
ℹ duration_ms 425.899697

> @samvev/contracts@0.1.0 test
> node --import tsx --test src/*.test.ts

ℹ tests 0
ℹ suites 0
ℹ pass 0
ℹ fail 0
ℹ cancelled 0
ℹ skipped 0
ℹ todo 0
ℹ duration_ms 12.277242

> @samvev/core@0.1.0 test
> node --import tsx --test src/*.test.ts

✔ scrypt passwords verify without accepting a different password (405.919962ms)
✔ unknown and disabled login candidates use the fixed valid scrypt path and fail closed (670.664641ms)
✔ permission and lifecycle rules are explicit (1.367728ms)
ℹ tests 3
ℹ suites 0
ℹ pass 3
ℹ fail 0
ℹ cancelled 0
ℹ skipped 0
ℹ todo 0
ℹ duration_ms 1432.32087

> @samvev/api@0.1.0 test
> node --import tsx --test --test-concurrency=1 src/*.test.ts

✔ complete authorization, pairing, messaging and durable lifecycle flow (1791.977481ms)
✔ scheduler does not starve due rows behind active published rows and migration is idempotent (289.109691ms)
✔ migration checksum mismatch fails closed without changing the isolated schema or application data (15.435743ms)
✔ demo mode is explicit, durable and contains only labeled synthetic data (454.079029ms)
✔ Gate E security, projection, activity and bounded realtime regressions (3259.475979ms)
ℹ tests 5
ℹ suites 0
ℹ pass 5
ℹ fail 0
ℹ cancelled 0
ℹ skipped 0
ℹ todo 0
ℹ duration_ms 7766.266308

> @samvev/worker@0.1.0 test
> node --import tsx --test src/*.test.ts

ℹ tests 0
ℹ suites 0
ℹ pass 0
ℹ fail 0
ℹ cancelled 0
ℹ skipped 0
ℹ todo 0
ℹ duration_ms 12.360761
